[Bootstrap]
SetupTitle=Instalar
SetupText=Copiando archivos, espere.
CabFile=Dennis(Sistema de venta de pasajes).CAB
Spawn=Setup1.exe
Uninstal=st6unst.exe
TmpDir=msftqws.pdw
Cabs=1

[Bootstrap Files]
File1=@VB6STKIT.DLL,$(WinSysPathSysFile),,,7/28/98 12:00:00 AM,102912,6.0.81.69
File2=@COMCAT.DLL,$(WinSysPathSysFile),$(DLLSelfRegister),,6/1/98 12:00:00 AM,22288,4.71.1460.1
File3=@MSVCRT40.DLL,$(WinSysPathSysFile),,,6/1/98 12:00:00 AM,326656,4.21.0.0
File4=@VB6ES.DLL,$(WinSysPath),,$(Shared),7/28/98 12:00:00 AM,119568,5.0.81.69
File5=@stdole2.tlb,$(WinSysPathSysFile),$(TLBRegister),,7/13/09 6:43:53 PM,16896,6.1.7600.16385
File6=@asycfilt.dll,$(WinSysPathSysFile),,,3/5/10 2:42:42 AM,67584,6.1.7600.16544
File7=@olepro32.dll,$(WinSysPathSysFile),$(DLLSelfRegister),,7/13/09 8:16:12 PM,90112,6.1.7600.16385
File8=@oleaut32.dll,$(WinSysPathSysFile),$(DLLSelfRegister),,8/26/11 11:43:07 PM,571904,6.1.7600.16872
File9=@msvbvm60.dll,$(WinSysPathSysFile),$(DLLSelfRegister),,7/13/09 8:15:50 PM,1386496,6.0.98.15

[IconGroups]
Group0=Sistemas de venta de pasaje
PrivateGroup0=Verdadero
Parent0=$(Programs)

[Sistemas de venta de pasaje]
Icon1=""Dennis(Sistema de venta de pasajes).exe""
Title1=Sistemas de venta de pasaje
StartIn1=$(AppPath)

[Setup]
Title=Sistemas de venta de pasaje
DefaultDir=$(ProgramFiles)\Proyecto1
AppExe=Dennis(Sistema de venta de pasajes).exe
AppToUninstall=Dennis(Sistema de venta de pasajes).exe

[Setup1 Files]
File1=@Excel.xls,$(AppPath),,$(Shared),5/15/13 2:18:59 PM,25600,0.0.0.0
File2=@usuario.mdb,$(AppPath),,$(Shared),5/15/13 5:47:29 PM,823296,0.0.0.0
File3=@ImageThumbnailCP.ocx,$(WinSysPath),$(DLLSelfRegister),$(Shared),4/13/11 12:34:02 PM,1798144,4.6.0.0
File4=@DATLSES.DLL,$(WinSysPath),,$(Shared),7/28/98 12:00:00 AM,30208,6.0.81.63
File5=@MSDATLST.OCX,$(WinSysPath),$(DLLSelfRegister),$(Shared),6/24/98 12:00:00 AM,232248,6.0.81.69
File6=@DATGDES.DLL,$(WinSysPath),,$(Shared),7/28/98 12:00:00 AM,30208,6.0.81.63
File7=@MSSTDFMT.DLL,$(WinSysPath),$(DLLSelfRegister),$(Shared),5/23/00 9:45:58 PM,118784,6.0.84.50
File8=@MSDATGRD.OCX,$(WinSysPath),$(DLLSelfRegister),$(Shared),6/24/98 12:00:00 AM,260920,6.0.81.69
File9=@MSCMCES.DLL,$(WinSysPath),,$(Shared),7/28/98 12:00:00 AM,140800,6.0.81.63
File10=@MSCOMCTL.OCX,$(WinSysPath),$(DLLSelfRegister),$(Shared),6/6/12 8:49:52 AM,1070152,6.1.98.34
File11=@MSCC2ES.DLL,$(WinSysPath),,$(Shared),7/28/98 12:00:00 AM,60928,6.0.81.63
File12=@MSCOMCT2.OCX,$(WinSysPath),$(DLLSelfRegister),$(Shared),9/17/08 10:17:48 PM,658432,6.1.98.11
File13=@ADODCES.DLL,$(WinSysPath),,$(Shared),7/28/98 12:00:00 AM,15872,6.0.81.63
File14=@MSADODC.OCX,$(WinSysPath),$(DLLSelfRegister),$(Shared),6/24/98 12:00:00 AM,118064,6.0.81.71
File15=@EncriptaString.dll,$(WinSysPath),$(DLLSelfRegister),$(Shared),8/20/06 12:49:04 PM,28672,1.0.0.0
File16=@VText.dll,$(WinSysPath),$(DLLSelfRegister),$(Shared),1/12/99 3:19:12 PM,173056,4.0.4.2512
File17=@DBRPRES.DLL,$(WinSysPath),,$(Shared),7/28/98 12:00:00 AM,33280,6.0.81.63
File18=@MSDBRPTR.DLL,$(WinSysPath),$(DLLSelfRegister),$(Shared),6/18/98 12:00:00 AM,299008,6.0.81.69
File19=@VB5DB.DLL,$(WinSysPath),,$(Shared),6/18/98 12:00:00 AM,89360,6.0.81.69
File20=@msrepl35.dll,$(WinSysPathSysFile),,,7/28/98 1:54:58 PM,407312,3.51.623.0
File21=@msrd2x35.dll,$(WinSysPathSysFile),$(DLLSelfRegister),,7/28/98 1:54:34 PM,252176,3.51.623.0
File22=@expsrv.dll,$(WinSysPathSysFile),,,7/13/09 8:15:20 PM,380957,6.0.72.9589
File23=@vbajet32.dll,$(WinSysPathSysFile),,,7/13/09 8:16:17 PM,30749,6.0.1.9431
File24=@msjint35.dll,$(WinSysPathSysFile),,,7/28/98 1:54:54 PM,123664,3.51.623.0
File25=@msjter35.dll,$(WinSysPathSysFile),,,7/28/98 1:54:50 PM,24848,3.51.623.0
File26=@msjet35.dll,$(WinSysPathSysFile),$(DLLSelfRegister),,7/28/98 1:54:38 PM,1045776,3.51.623.4
File27=@dao350.dll,$(MSDAOPath),$(DLLSelfRegister),$(Shared),7/28/98 1:54:12 PM,582144,3.50.3602.0
File28=@msado21.tlb,$(WinSysPath),,$(Shared),10/15/10 10:22:50 PM,57344,6.1.7600.16688
File29=@Dennis(Sistema de venta de pasajes).exe,$(AppPath),,$(Shared),5/16/13 7:07:19 AM,4108288,1.0.0.0

; Puede eliminar las siguientes líneas para obtener espacio adicional 
; con el fin de personalizar este archivo en un disco de instalación completa.
; 
; XXXXXXXXXXXXXXXXXXXXXXXXXXXXXXXXXXXXXXXXXXXXXXXXXXXXXXXXXXXX
; XXXXXXXXXXXXXXXXXXXXXXXXXXXXXXXXXXXXXXXXXXXXXXXXXXXXXXXXXXXX
; XXXXXXXXXXXXXXXXXXXXXXXXXXXXXXXXXXXXXXXXXXXXXXXXXXXXXXXXXXXX
; XXXXXXXXXXXXXXXXXXXXXXXXXXXXXXXXXXXXXXXXXXXXXXXXXXXXXXXXXXXX
; XXXXXXXXXXXXXXXXXXXXXXXXXXXXXXXXXXXXXXXXXXXXXXXXXXXXXXXXXXXX
; XXXXXXXXXXXXXXXXXXXXXXXXXXXXXXXXXXXXXXXXXXXXXXXXXXXXXXXXXXXX
; XXXXXXXXXXXXXXXXXXXXXXXXXXXXXXXXXXXXXXXXXXXXXXXXXXXXXXXXXXXX
; XXXXXXXXXXXXXXXXXXXXXXXXXXXXXXXXXXXXXXXXXXXXXXXXXXXXXXXXXXXX
; XXXXXXXXXXXXXXXXXXXXXXXXXXXXXXXXXXXXXXXXXXXXXXXXXXXXXXXXXXXX
; XXXXXXXXXXXXXXXXXXXXXXXXXXXXXXXXXXXXXXXXXXXXXXXXXXXXXXXXXXXX
; XXXXXXXXXXXXXXXXXXXXXXXXXXXXXXXXXXXXXXXXXXXXXXXXXXXXXXXXXXXX
; XXXXXXXXXXXXXXXXXXXXXXXXXXXXXXXXXXXXXXXXXXXXXXXXXXXXXXXXXXXX
; XXXXXXXXXXXXXXXXXXXXXXXXXXXXXXXXXXXXXXXXXXXXXXXXXXXXXXXXXXXX
; XXXXXXXXXXXXXXXXXXXXXXXXXXXXXXXXXXXXXXXXXXXXXXXXXXXXXXXXXXXX
; XXXXXXXXXXXXXXXXXXXXXXXXXXXXXXXXXXXXXXXXXXXXXXXXXXXXXXXXXXXX
; XXXXXXXXXXXXXXXXXXXXXXXXXXXXXXXXXXXXXXXXXXXXXXXXXXXXXXXXXXXX
; XXXXXXXXXXXXXXXXXXXXXXXXXXXXXXXXXXXXXXXXXXXXXXXXXXXXXXXXXXXX
; XXXXXXXXXXXXXXXXXXXXXXXXXXXXXXXXXXXXXXXXXXXXXXXXXXXXXXXXXXXX
; XXXXXXXXXXXXXXXXXXXXXXXXXXXXXXXXXXXXXXXXXXXXXXXXXXXXXXXXXXXX
; XXXXXXXXXXXXXXXXXXXXXXXXXXXXXXXXXXXXXXXXXXXXXXXXXXXXXXXXXXXX
; XXXXXXXXXXXXXXXXXXXXXXXXXXXXXXXXXXXXXXXXXXXXXXXXXXXXXXXXXXXX
; XXXXXXXXXXXXXXXXXXXXXXXXXXXXXXXXXXXXXXXXXXXXXXXXXXXXXXXXXXXX
; XXXXXXXXXXXXXXXXXXXXXXXXXXXXXXXXXXXXXXXXXXXXXXXXXXXXXXXXXXXX
; XXXXXXXXXXXXXXXXXXXXXXXXXXXXXXXXXXXXXXXXXXXXXXXXXXXXXXXXXXXX
; XXXXXXXXXXXXXXXXXXXXXXXXXXXXXXXXXXXXXXXXXXXXXXXXXXXXXXXXXXXX
; XXXXXXXXXXXXXXXXXXXXXXXXXXXXXXXXXXXXXXXXXXXXXXXXXXXXXXXXXXXX
; XXXXXXXXXXXXXXXXXXXXXXXXXXXXXXXXXXXXXXXXXXXXXXXXXXXXXXXXXXXX
; XXXXXXXXXXXXXXXXXXXXXXXXXXXXXXXXXXXXXXXXXXXXXXXXXXXXXXXXXXXX
; XXXXXXXXXXXXXXXXXXXXXXXXXXXXXXXXXXXXXXXXXXXXXXXXXXXXXXXXXXXX
; XXXXXXXXXXXXXXXXXXXXXXXXXXXXXXXXXXXXXXXXXXXXXXXXXXXXXXXXXXXX
; XXXXXXXXXXXXXXXXXXXXXXXXXXXXXXXXXXXXXXXXXXXXXXXXXXXXXXXXXXXX
; XXXXXXXXXXXXXXXXXXXXXXXXXXXXXXXXXXXXXXXXXXXXXXXXXXXXXXXXXXXX
; XXXXXXXXXXXXXXXXXXXXXXXXXXXXXXXXXXXXXXXXXXXXXXXXXXXXXXXXXXXX
; XXXXXXXXXXXXXXXXXXXXXXXXXXXXXXXXXXXXXXXXXXXXXXXXXXXXXXXXXXXX
; XXXXXXXXXXXXXXXXXXXXXXXXXXXXXXXXXXXXXXXXXXXXXXXXXXXXXXXXXXXX
